// Jest Snapshot v1, https://goo.gl/fbAQLP

exports[`TextPreview renders correctly with textPreview 1`] = `
<View
  style={
    Object {
      "alignItems": "center",
      "backgroundColor": "#fff",
      "flex": 1,
      "justifyContent": "center",
    }
  }
>
  <Text
    style={
      Object {
        "color": "#242424",
      }
    }
  >
    
  </Text>
</View>
`;

exports[`TextPreview renders correctly with textPreview screen empty 1`] = `
<View
  style={
    Object {
      "alignItems": "center",
      "backgroundColor": "#fff",
      "flex": 1,
      "justifyContent": "center",
    }
  }
>
  <Text
    style={
      Object {
        "color": "#242424",
      }
    }
  >
    
  </Text>
</View>
`;

exports[`TextPreview renders correctly with textPreview should be loading 1`] = `
<View
  style={
    Object {
      "alignItems": "center",
      "backgroundColor": "#fff",
      "flex": 1,
      "justifyContent": "center",
    }
  }
>
  <Text
    style={
      Object {
        "color": "#242424",
      }
    }
  >
    
  </Text>
</View>
`;
