// Jest Snapshot v1, https://goo.gl/fbAQLP

exports[`RecorderPanel renders correctly with RecorderPanel 1`] = `
<RNCSafeAreaView
  edges={
    Array [
      "bottom",
    ]
  }
  style={
    Object {
      "backgroundColor": "gray",
      "width": "100%",
    }
  }
>
  <View
    accessibilityRole="button"
    accessibilityState={Object {}}
    accessible={true}
    focusable={true}
    onClick={[Function]}
    onResponderGrant={[Function]}
    onResponderMove={[Function]}
    onResponderRelease={[Function]}
    onResponderTerminate={[Function]}
    onResponderTerminationRequest={[Function]}
    onStartShouldSetResponder={[Function]}
    style={
      Object {
        "opacity": 1,
      }
    }
  >
    <View
      style={
        Array [
          Object {},
        ]
      }
    >
      <Text
        style={
          Array [
            Object {
              "color": "#007AFF",
              "fontSize": 18,
              "margin": 8,
              "textAlign": "center",
            },
          ]
        }
      >
        Start Recording
      </Text>
    </View>
  </View>
</RNCSafeAreaView>
`;
